[p.w3layouts.com/demos_new/template_demo/03-09-2018/arable_demo_Free/1791219992/web/index.html]
[backblue.gif]
[fade.gif]
[index.html]
[p.w3layouts.com/demos_new/template_demo/03-09-2018/arable_demo_Free/1791219992/web/css/bootstrap.css]
[p.w3layouts.com/demos_new/template_demo/03-09-2018/arable_demo_Free/1791219992/web/css/component.css]
[p.w3layouts.com/demos_new/template_demo/03-09-2018/arable_demo_Free/1791219992/web/css/style.css]
[p.w3layouts.com/demos_new/template_demo/03-09-2018/arable_demo_Free/1791219992/web/css/owl.theme.css]
[p.w3layouts.com/demos_new/template_demo/03-09-2018/arable_demo_Free/1791219992/web/css/owl.carousel.css]
[p.w3layouts.com/demos_new/template_demo/03-09-2018/arable_demo_Free/1791219992/web/css/minimal-slider.css]
[p.w3layouts.com/demos_new/template_demo/03-09-2018/arable_demo_Free/1791219992/web/css/fontawesome-all.css]
[p.w3layouts.com/demos_new/template_demo/03-09-2018/arable_demo_Free/1791219992/web/index-2.html]
[p.w3layouts.com/demos_new/template_demo/03-09-2018/arable_demo_Free/1791219992/web/about.html]
[p.w3layouts.com/demos_new/template_demo/03-09-2018/arable_demo_Free/1791219992/web/services.html]
[p.w3layouts.com/demos_new/template_demo/03-09-2018/arable_demo_Free/1791219992/web/single.html]
[p.w3layouts.com/demos_new/template_demo/03-09-2018/arable_demo_Free/1791219992/web/gallery.html]
[p.w3layouts.com/demos_new/template_demo/03-09-2018/arable_demo_Free/1791219992/web/blog.html]
[p.w3layouts.com/demos_new/template_demo/03-09-2018/arable_demo_Free/1791219992/web/contact.html]
[p.w3layouts.com/demos_new/template_demo/03-09-2018/arable_demo_Free/1791219992/web/images/g1.jpg]
[p.w3layouts.com/demos_new/template_demo/03-09-2018/arable_demo_Free/1791219992/web/images/g2.jpg]
[p.w3layouts.com/demos_new/template_demo/03-09-2018/arable_demo_Free/1791219992/web/images/g3.jpg]
[p.w3layouts.com/demos_new/template_demo/03-09-2018/arable_demo_Free/1791219992/web/images/g4.jpg]
[p.w3layouts.com/demos_new/template_demo/03-09-2018/arable_demo_Free/1791219992/web/images/g5.jpg]
[p.w3layouts.com/demos_new/template_demo/03-09-2018/arable_demo_Free/1791219992/web/images/g6.jpg]
[p.w3layouts.com/demos_new/template_demo/03-09-2018/arable_demo_Free/1791219992/web/images/team1.jpg]
[p.w3layouts.com/demos_new/template_demo/03-09-2018/arable_demo_Free/1791219992/web/images/team2.jpg]
[p.w3layouts.com/demos_new/template_demo/03-09-2018/arable_demo_Free/1791219992/web/images/team3.jpg]
[p.w3layouts.com/demos_new/template_demo/03-09-2018/arable_demo_Free/1791219992/web/images/team4.jpg]
[p.w3layouts.com/demos_new/template_demo/03-09-2018/arable_demo_Free/1791219992/web/images/n1.jpg]
[p.w3layouts.com/demos_new/template_demo/03-09-2018/arable_demo_Free/1791219992/web/images/n2.jpg]
[p.w3layouts.com/demos_new/template_demo/03-09-2018/arable_demo_Free/1791219992/web/images/n3.jpg]
[p.w3layouts.com/demos_new/template_demo/03-09-2018/arable_demo_Free/1791219992/web/images/n4.jpg]
[p.w3layouts.com/demos_new/template_demo/03-09-2018/arable_demo_Free/1791219992/web/images/t1.jpg]
[p.w3layouts.com/demos_new/template_demo/03-09-2018/arable_demo_Free/1791219992/web/images/t3.jpg]
[p.w3layouts.com/demos_new/template_demo/03-09-2018/arable_demo_Free/1791219992/web/images/t2.jpg]
[p.w3layouts.com/demos_new/template_demo/03-09-2018/arable_demo_Free/1791219992/web/pricing.html]
[p.w3layouts.com/cdn-cgi/scripts/5c5dd728/cloudflare-static/email-decode.min.js]
[p.w3layouts.com/demos_new/template_demo/03-09-2018/arable_demo_Free/1791219992/web/js/jquery-2.2.3.min.js]
[p.w3layouts.com/demos_new/template_demo/03-09-2018/arable_demo_Free/1791219992/web/js/minimal-slider.js]
[p.w3layouts.com/demos_new/template_demo/03-09-2018/arable_demo_Free/1791219992/web/js/toucheffects.js]
[p.w3layouts.com/demos_new/template_demo/03-09-2018/arable_demo_Free/1791219992/web/js/modernizr.custom.js]
[p.w3layouts.com/demos_new/template_demo/03-09-2018/arable_demo_Free/1791219992/web/js/owl.carousel.js]
[p.w3layouts.com/demos_new/template_demo/03-09-2018/arable_demo_Free/1791219992/web/js/jquery.waypoints.min.js]
[p.w3layouts.com/demos_new/template_demo/03-09-2018/arable_demo_Free/1791219992/web/js/jquery.countup.js]
[p.w3layouts.com/demos_new/template_demo/03-09-2018/arable_demo_Free/1791219992/web/js/move-top.js]
[p.w3layouts.com/demos_new/template_demo/03-09-2018/arable_demo_Free/1791219992/web/js/easing.js]
[p.w3layouts.com/demos_new/template_demo/03-09-2018/arable_demo_Free/1791219992/web/js/bootstrap.js]
[p.w3layouts.com/demos_new/template_demo/03-09-2018/arable_demo_Free/1791219992/web/index.html]
[p.w3layouts.com/demos_new/template_demo/03-09-2018/arable_demo_Free/1791219992/web/css/bootstrap.css]
[p.w3layouts.com/demos_new/template_demo/03-09-2018/arable_demo_Free/1791219992/web/css/component.css]
[p.w3layouts.com/cdn-cgi/challenge-platform/h/b/scripts/jsd/07af8245c728/maind41d.js]
[p.w3layouts.com/demos_new/template_demo/03-09-2018/arable_demo_Free/1791219992/web/images/log.jpg]
[p.w3layouts.com/demos_new/template_demo/03-09-2018/arable_demo_Free/1791219992/web/images/1.jpg]
[p.w3layouts.com/demos_new/template_demo/03-09-2018/arable_demo_Free/1791219992/web/images/2.jpg]
[p.w3layouts.com/demos_new/template_demo/03-09-2018/arable_demo_Free/1791219992/web/images/3.jpg]
[p.w3layouts.com/demos_new/template_demo/03-09-2018/arable_demo_Free/1791219992/web/images/bottom.jpg]
[p.w3layouts.com/demos_new/template_demo/03-09-2018/arable_demo_Free/1791219992/web/images/dots.png]
[p.w3layouts.com/demos_new/template_demo/03-09-2018/arable_demo_Free/1791219992/web/images/move_up.png]
[p.w3layouts.com/demos_new/template_demo/03-09-2018/arable_demo_Free/1791219992/web/css/style.css]
[p.w3layouts.com/demos_new/template_demo/03-09-2018/arable_demo_Free/1791219992/web/css/owl.theme.css]
[p.w3layouts.com/demos_new/template_demo/03-09-2018/arable_demo_Free/1791219992/web/css/owl.video.play.png]
[p.w3layouts.com/demos_new/template_demo/03-09-2018/arable_demo_Free/1791219992/web/css/owl.carousel.css]
[p.w3layouts.com/demos_new/template_demo/03-09-2018/arable_demo_Free/1791219992/web/css/minimal-slider.css]
[p.w3layouts.com/demos_new/template_demo/03-09-2018/arable_demo_Free/1791219992/web/webfonts/fa-brands-400.eot]
[p.w3layouts.com/demos_new/template_demo/03-09-2018/arable_demo_Free/1791219992/web/webfonts/fa-brands-400d41d.eot]
[p.w3layouts.com/demos_new/template_demo/03-09-2018/arable_demo_Free/1791219992/web/webfonts/fa-brands-400.woff2]
[p.w3layouts.com/demos_new/template_demo/03-09-2018/arable_demo_Free/1791219992/web/webfonts/fa-brands-400.woff]
[p.w3layouts.com/demos_new/template_demo/03-09-2018/arable_demo_Free/1791219992/web/webfonts/fa-brands-400.ttf]
[p.w3layouts.com/demos_new/template_demo/03-09-2018/arable_demo_Free/1791219992/web/webfonts/fa-brands-400.svg]
[p.w3layouts.com/demos_new/template_demo/03-09-2018/arable_demo_Free/1791219992/web/webfonts/fa-regular-400.eot]
[p.w3layouts.com/demos_new/template_demo/03-09-2018/arable_demo_Free/1791219992/web/webfonts/fa-regular-400d41d.eot]
[p.w3layouts.com/demos_new/template_demo/03-09-2018/arable_demo_Free/1791219992/web/webfonts/fa-regular-400.woff2]
[p.w3layouts.com/demos_new/template_demo/03-09-2018/arable_demo_Free/1791219992/web/webfonts/fa-regular-400.woff]
[p.w3layouts.com/demos_new/template_demo/03-09-2018/arable_demo_Free/1791219992/web/webfonts/fa-regular-400.ttf]
[p.w3layouts.com/demos_new/template_demo/03-09-2018/arable_demo_Free/1791219992/web/webfonts/fa-regular-400.svg]
[p.w3layouts.com/demos_new/template_demo/03-09-2018/arable_demo_Free/1791219992/web/webfonts/fa-solid-900.eot]
[p.w3layouts.com/demos_new/template_demo/03-09-2018/arable_demo_Free/1791219992/web/webfonts/fa-solid-900d41d.eot]
[p.w3layouts.com/demos_new/template_demo/03-09-2018/arable_demo_Free/1791219992/web/webfonts/fa-solid-900.woff2]
[p.w3layouts.com/demos_new/template_demo/03-09-2018/arable_demo_Free/1791219992/web/webfonts/fa-solid-900.woff]
[p.w3layouts.com/demos_new/template_demo/03-09-2018/arable_demo_Free/1791219992/web/webfonts/fa-solid-900.ttf]
[p.w3layouts.com/demos_new/template_demo/03-09-2018/arable_demo_Free/1791219992/web/css/fontawesome-all.css]
[p.w3layouts.com/demos_new/template_demo/03-09-2018/arable_demo_Free/1791219992/web/index-2.html]
[p.w3layouts.com/demos_new/template_demo/03-09-2018/arable_demo_Free/1791219992/web/about.html]
[p.w3layouts.com/demos_new/template_demo/03-09-2018/arable_demo_Free/1791219992/web/services.html]
[p.w3layouts.com/demos_new/template_demo/03-09-2018/arable_demo_Free/1791219992/web/webfonts/fa-solid-900.svg]
[p.w3layouts.com/demos_new/template_demo/03-09-2018/arable_demo_Free/1791219992/web/single.html]
[p.w3layouts.com/demos_new/template_demo/03-09-2018/arable_demo_Free/1791219992/web/css/single.css]
[p.w3layouts.com/demos_new/template_demo/03-09-2018/arable_demo_Free/1791219992/web/css/lightbox.css]
[p.w3layouts.com/demos_new/template_demo/03-09-2018/arable_demo_Free/1791219992/web/images/g7.jpg]
[p.w3layouts.com/demos_new/template_demo/03-09-2018/arable_demo_Free/1791219992/web/images/g8.jpg]
[p.w3layouts.com/demos_new/template_demo/03-09-2018/arable_demo_Free/1791219992/web/images/g9.jpg]
[p.w3layouts.com/demos_new/template_demo/03-09-2018/arable_demo_Free/1791219992/web/gallery.html]
[p.w3layouts.com/demos_new/template_demo/03-09-2018/arable_demo_Free/1791219992/web/blog.html]
[p.w3layouts.com/demos_new/template_demo/03-09-2018/arable_demo_Free/1791219992/web/contact.html]
[p.w3layouts.com/demos_new/template_demo/03-09-2018/arable_demo_Free/1791219992/web/pricing.html]
[p.w3layouts.com/demos_new/template_demo/03-09-2018/arable_demo_Free/1791219992/web/css/owl.video.play.html]
[p.w3layouts.com/demos_new/template_demo/03-09-2018/arable_demo_Free/1791219992/web/webfonts/fa-brands-400.svg]
[p.w3layouts.com/demos_new/template_demo/03-09-2018/arable_demo_Free/1791219992/web/webfonts/fa-regular-400.svg]
[p.w3layouts.com/demos_new/template_demo/03-09-2018/arable_demo_Free/1791219992/web/webfonts/fa-solid-900.svg]
[p.w3layouts.com/demos_new/template_demo/03-09-2018/arable_demo_Free/1791219992/web/css/single.css]
[p.w3layouts.com/demos_new/template_demo/03-09-2018/arable_demo_Free/1791219992/web/js/lightbox-plus-jquery.min.js]
[p.w3layouts.com/demos_new/template_demo/03-09-2018/arable_demo_Free/1791219992/web/images/prev.png]
[p.w3layouts.com/demos_new/template_demo/03-09-2018/arable_demo_Free/1791219992/web/images/next.png]
[p.w3layouts.com/demos_new/template_demo/03-09-2018/arable_demo_Free/1791219992/web/images/close.png]
[p.w3layouts.com/demos_new/template_demo/03-09-2018/arable_demo_Free/1791219992/web/css/lightbox.css]
